[
  {
    "Id": 1,
    "Name": "Microsoft",
    "Location": "USA"
  },
  {
    "Id": 2,
    "Name": "Oracle",
    "Location": "USA"
  },
  {
    "Id": 3,
    "Name": "IBM",
    "Location": "USA"
  },
  {
    "Id": 4,
    "Name": "SAP",
    "Location": "Germany"
  },
  {
    "Id": 5,
    "Name": "Synamtec",
    "Location": "USA"
  },
  {
    "Id": 6,
    "Name": "EMC",
    "Location": "USA"
  },
  {
    "Id": 7,
    "Name": "VMWare",
    "Location": "USA"
  },
  {
    "Id": 8,
    "Name": "HP",
    "Location": "USA"
  },
  {
    "Id": 9,
    "Name": "Salesforce.com",
    "Location": "USA"
  },
  {
    "Id": 10,
    "Name": "Intuit",
    "Location": "USA"
  }
]
